#-----------------------------------------------------------
# Vivado v2018.2.1 (64-bit)
# SW Build 2288692 on Thu Jul 26 18:24:02 MDT 2018
# IP Build 2289599 on Thu Jul 26 21:09:20 MDT 2018
# Start of session at: Mon Sep 24 13:54:50 2018
# Process ID: 2536
# Current directory: C:/Users/Dara Ros/Downloads/Lab2-20180924T163605Z-001/Lab2
# Command line: vivado.exe -gui_launcher_event rodinguilauncherevent17112 C:\Users\Dara Ros\Downloads\Lab2-20180924T163605Z-001\Lab2\Lab2.xpr
# Log file: C:/Users/Dara Ros/Downloads/Lab2-20180924T163605Z-001/Lab2/vivado.log
# Journal file: C:/Users/Dara Ros/Downloads/Lab2-20180924T163605Z-001/Lab2\vivado.jou
#-----------------------------------------------------------
start_gui
open_project {C:/Users/Dara Ros/Downloads/Lab2-20180924T163605Z-001/Lab2/Lab2.xpr}
update_compile_order -fileset sources_1
launch_simulation
reset_run synth_1
launch_runs synth_1 -jobs 4
wait_on_run synth_1
reset_run synth_1
launch_runs synth_1 -jobs 4
wait_on_run synth_1
launch_runs impl_1 -jobs 4
wait_on_run impl_1
launch_simulation
launch_simulation
launch_simulation
